%Warning-WIDTHEXPAND: /home/mateus/Documents/Peruri/TinySign_Verilog/rtl/arithmetic/montgomery_mul.v:57:36: Operator EQ expects 32 bits on the LHS, but LHS's VARREF 'round_count' generates 8 bits.
                                                                                                          : ... note: In instance 'tb_baseline_cycles.dut.u_signer.u_scalar.u_point_ops.u_mul.u_montgomery'
   57 |                     if (round_count==WIDTH-1) state<=ST_REDUCE;
      |                                    ^~
                      ... For warning description see https://verilator.org/warn/WIDTHEXPAND?v=5.020
                      ... Use "/* verilator lint_off WIDTHEXPAND */" and lint_on around source to disable this message.
%Warning-WIDTHEXPAND: /home/mateus/Documents/Peruri/TinySign_Verilog/rtl/sha256/sha256_hash.v:30:29: Operator EQ expects 32 bits on the RHS, but RHS's VARREF 'length_reg' generates 8 bits.
                                                                                                   : ... note: In instance 'tb_baseline_cycles.dut.u_signer.u_nonce.u_hmac.u_hash'
   30 |             else if(position==length_reg) built_block[511-i*8 -:8]=8'h80;
      |                             ^~
%Warning-WIDTHTRUNC: /home/mateus/Documents/Peruri/TinySign_Verilog/rtl/sha256/sha256_hash.v:45:51: Operator ASSIGNDLY expects 3 bits on the Assign RHS, but Assign RHS's SHIFTR generates 32 or 8 bits.
                                                                                                  : ... note: In instance 'tb_baseline_cycles.dut.u_signer.u_nonce.u_hmac.u_hash'
   45 |                         block_index<=0;block_count<=(message_length+72)>>6;hash_state<=IV;state<=ST_LAUNCH;
      |                                                   ^~
%Warning-WIDTHEXPAND: /home/mateus/Documents/Peruri/TinySign_Verilog/rtl/sha256/sha256_hash.v:42:38: Operator GT expects 32 bits on the LHS, but LHS's VARREF 'message_length' generates 8 bits.
                                                                                                   : ... note: In instance 'tb_baseline_cycles.dut.u_signer.u_nonce.u_hmac.u_hash'
   42 |                     if(message_length>MAX_BYTES) error<=1;
      |                                      ^
%Warning-WIDTHEXPAND: /home/mateus/Documents/Peruri/TinySign_Verilog/rtl/arithmetic/mod_mul.v:60:36: Operator EQ expects 32 bits on the LHS, but LHS's VARREF 'round_count' generates 8 bits.
                                                                                                   : ... note: In instance 'tb_baseline_cycles.dut.u_signer.u_scalar.u_point_ops.u_mul'
   60 |                     if (round_count==WIDTH-1) begin
      |                                    ^~
%Warning-WIDTHEXPAND: /home/mateus/Documents/Peruri/TinySign_Verilog/rtl/arithmetic/mod_add.v:32:48: Operator COND expects 257 bits on the Conditional False, but Conditional False's SEL generates 256 bits.
                                                                                                   : ... note: In instance 'tb_baseline_cycles.dut.u_signer.u_scalar.u_point_ops.u_add'
   32 |                     result <= (sum >= mod_ext) ? (sum - mod_ext) : sum[WIDTH-1:0];
      |                                                ^
%Warning-WIDTHTRUNC: /home/mateus/Documents/Peruri/TinySign_Verilog/rtl/arithmetic/mod_add.v:32:28: Operator ASSIGNDLY expects 256 bits on the Assign RHS, but Assign RHS's COND generates 257 bits.
                                                                                                  : ... note: In instance 'tb_baseline_cycles.dut.u_signer.u_scalar.u_point_ops.u_add'
   32 |                     result <= (sum >= mod_ext) ? (sum - mod_ext) : sum[WIDTH-1:0];
      |                            ^~
%Warning-WIDTHTRUNC: /home/mateus/Documents/Peruri/TinySign_Verilog/rtl/ecdsa/scalar_mult.v:64:54: Operator ASSIGNDLY expects 9 bits on the Assign RHS, but Assign RHS's SUB generates 32 bits.
                                                                                                 : ... note: In instance 'tb_baseline_cycles.dut.u_signer.u_scalar'
   64 |                         scalar_reg<=scalar; bit_index<=WIDTH-1; op_phase<=0;
      |                                                      ^~
%Warning-WIDTHTRUNC: /home/mateus/Documents/Peruri/TinySign_Verilog/rtl/ecdsa/scalar_mult.v:78:39: Bit extraction of var[255:0] requires 8 bit index, not 9 bits.
                                                                                                 : ... note: In instance 'tb_baseline_cycles.dut.u_signer.u_scalar'
   78 |                         if (scalar_reg[bit_index]==1'b0) begin
      |                                       ^
%Warning-WIDTHEXPAND: /home/mateus/Documents/Peruri/TinySign_Verilog/rtl/ecdsa/scalar_mult.v:92:40: Operator GTE expects 32 bits on the LHS, but LHS's VARREF 'slot_cycles' generates 14 bits.
                                                                                                  : ... note: In instance 'tb_baseline_cycles.dut.u_signer.u_scalar'
   92 |                         if (slot_cycles>=OP_SLOT_CYCLES-1) state<=ST_COMPLETE;
      |                                        ^~
%Warning-WIDTHEXPAND: /home/mateus/Documents/Peruri/TinySign_Verilog/rtl/ecdsa/scalar_mult.v:94:45: Operator GTE expects 32 bits on the LHS, but LHS's VARREF 'slot_cycles' generates 14 bits.
                                                                                                  : ... note: In instance 'tb_baseline_cycles.dut.u_signer.u_scalar'
   94 |                     end else if (slot_cycles>=OP_SLOT_CYCLES-1) begin
      |                                             ^~
%Warning-WIDTHEXPAND: /home/mateus/Documents/Peruri/TinySign_Verilog/rtl/ecdsa/scalar_mult.v:99:36: Operator GTE expects 32 bits on the LHS, but LHS's VARREF 'slot_cycles' generates 14 bits.
                                                                                                  : ... note: In instance 'tb_baseline_cycles.dut.u_signer.u_scalar'
   99 |                     if (slot_cycles>=OP_SLOT_CYCLES-1) state<=ST_COMPLETE;
      |                                    ^~
%Warning-WIDTHTRUNC: /home/mateus/Documents/Peruri/TinySign_Verilog/rtl/ecdsa/scalar_mult.v:107:39: Bit extraction of var[255:0] requires 8 bit index, not 9 bits.
                                                                                                  : ... note: In instance 'tb_baseline_cycles.dut.u_signer.u_scalar'
  107 |                         if (scalar_reg[bit_index]==1'b0) begin
      |                                       ^
%Warning-WIDTHTRUNC: /home/mateus/Documents/Peruri/TinySign_Verilog/rtl/ecdsa/scalar_mult.v:115:43: Bit extraction of var[255:0] requires 8 bit index, not 9 bits.
                                                                                                  : ... note: In instance 'tb_baseline_cycles.dut.u_signer.u_scalar'
  115 |                             if (scalar_reg[bit_index]==1'b0) begin
      |                                           ^
%Warning-WIDTHEXPAND: /home/mateus/Documents/Peruri/TinySign_Verilog/rtl/arithmetic/mod_inv.v:56:39: Operator EQ expects 32 bits on the LHS, but LHS's VARREF 'bit_count' generates 9 bits.
                                                                                                   : ... note: In instance 'tb_baseline_cycles.dut.u_signer.u_inverse'
   56 |                         if (bit_count == WIDTH-1) begin
      |                                       ^~
%Warning-WIDTHTRUNC: /home/mateus/Documents/Peruri/TinySign_Verilog/.refactor_backup/shared_engines_20261008/tinysign_core.v:45:35: Operator FUNCREF 'word_at' expects 3 bits on the Function Argument, but Function Argument's SHIFTR generates 8 bits.
                                                                                                                                  : ... note: In instance 'tb_baseline_cycles.dut'
   45 |                     bus_read_data=word_at(public_x,(bus_address-A_PUB_X)>>2);
      |                                   ^~~~~~~
%Warning-WIDTHTRUNC: /home/mateus/Documents/Peruri/TinySign_Verilog/.refactor_backup/shared_engines_20261008/tinysign_core.v:47:35: Operator FUNCREF 'word_at' expects 3 bits on the Function Argument, but Function Argument's SHIFTR generates 8 bits.
                                                                                                                                  : ... note: In instance 'tb_baseline_cycles.dut'
   47 |                     bus_read_data=word_at(public_y,(bus_address-A_PUB_Y)>>2);
      |                                   ^~~~~~~
%Warning-WIDTHTRUNC: /home/mateus/Documents/Peruri/TinySign_Verilog/.refactor_backup/shared_engines_20261008/tinysign_core.v:49:35: Operator FUNCREF 'word_at' expects 3 bits on the Function Argument, but Function Argument's SHIFTR generates 8 bits.
                                                                                                                                  : ... note: In instance 'tb_baseline_cycles.dut'
   49 |                     bus_read_data=word_at(sig_r_reg,(bus_address-A_SIG_R)>>2);
      |                                   ^~~~~~~
%Warning-WIDTHTRUNC: /home/mateus/Documents/Peruri/TinySign_Verilog/.refactor_backup/shared_engines_20261008/tinysign_core.v:51:35: Operator FUNCREF 'word_at' expects 3 bits on the Function Argument, but Function Argument's SHIFTR generates 8 bits.
                                                                                                                                  : ... note: In instance 'tb_baseline_cycles.dut'
   51 |                     bus_read_data=word_at(sig_s_reg,(bus_address-A_SIG_S)>>2);
      |                                   ^~~~~~~
%Warning-WIDTHTRUNC: /home/mateus/Documents/Peruri/TinySign_Verilog/.refactor_backup/shared_engines_20261008/tinysign_core.v:105:57: Operator ASSIGNDLY expects 3 bits on the Assign RHS, but Assign RHS's SHIFTR generates 8 bits.
                                                                                                                                   : ... note: In instance 'tb_baseline_cycles.dut'
  105 |                         key_word_write<=1;key_word_index<=(bus_address-A_KEY_BASE)>>2;key_word_data<=bus_write_data;
      |                                                         ^~
%Warning-WIDTHEXPAND: /home/mateus/Documents/Peruri/TinySign_Verilog/reports/puri_sign/quantitative/tb_baseline_cycles.v:31:43: Operator ADD expects 32 bits on the LHS, but LHS's CONST '8'h10' generates 8 bits.
                                                                                                                              : ... note: In instance 'tb_baseline_cycles'
   31 |         for(i=0;i<8;i=i+1) write_reg(8'h10+i*4,(i==7)?1:0);
      |                                           ^
%Warning-WIDTHTRUNC: /home/mateus/Documents/Peruri/TinySign_Verilog/reports/puri_sign/quantitative/tb_baseline_cycles.v:31:28: Operator TASKREF 'write_reg' expects 8 bits on the Function Argument, but Function Argument's ADD generates 32 bits.
                                                                                                                             : ... note: In instance 'tb_baseline_cycles'
   31 |         for(i=0;i<8;i=i+1) write_reg(8'h10+i*4,(i==7)?1:0);
      |                            ^~~~~~~~~
%Warning-WIDTHEXPAND: /home/mateus/Documents/Peruri/TinySign_Verilog/reports/puri_sign/quantitative/tb_baseline_cycles.v:41:30: Operator ADD expects 32 bits on the LHS, but LHS's CONST '8'h90' generates 8 bits.
                                                                                                                              : ... note: In instance 'tb_baseline_cycles'
   41 |             bus_address=8'h90+i*4;#1;if(bus_read_data!==signature_word(EXPECTED_R,i))begin $display("FAIL: SIG_R[%0d] mismatch",i); $stop; end
      |                              ^
%Warning-WIDTHTRUNC: /home/mateus/Documents/Peruri/TinySign_Verilog/reports/puri_sign/quantitative/tb_baseline_cycles.v:41:24: Operator ASSIGN expects 8 bits on the Assign RHS, but Assign RHS's ADD generates 32 bits.
                                                                                                                             : ... note: In instance 'tb_baseline_cycles'
   41 |             bus_address=8'h90+i*4;#1;if(bus_read_data!==signature_word(EXPECTED_R,i))begin $display("FAIL: SIG_R[%0d] mismatch",i); $stop; end
      |                        ^
%Warning-WIDTHEXPAND: /home/mateus/Documents/Peruri/TinySign_Verilog/reports/puri_sign/quantitative/tb_baseline_cycles.v:42:30: Operator ADD expects 32 bits on the LHS, but LHS's CONST '8'hb0' generates 8 bits.
                                                                                                                              : ... note: In instance 'tb_baseline_cycles'
   42 |             bus_address=8'hB0+i*4;#1;if(bus_read_data!==signature_word(EXPECTED_S,i))begin $display("FAIL: SIG_S[%0d] mismatch",i); $stop; end
      |                              ^
%Warning-WIDTHTRUNC: /home/mateus/Documents/Peruri/TinySign_Verilog/reports/puri_sign/quantitative/tb_baseline_cycles.v:42:24: Operator ASSIGN expects 8 bits on the Assign RHS, but Assign RHS's ADD generates 32 bits.
                                                                                                                             : ... note: In instance 'tb_baseline_cycles'
   42 |             bus_address=8'hB0+i*4;#1;if(bus_read_data!==signature_word(EXPECTED_S,i))begin $display("FAIL: SIG_S[%0d] mismatch",i); $stop; end
      |                        ^
make: Entering directory '/tmp/puri-sign-tools/baseline_cycles'
g++ -Os  -I.  -MMD -I/tmp/puri-sign-tools/verilator/usr/share/verilator/include -I/tmp/puri-sign-tools/verilator/usr/share/verilator/include/vltstd -DVM_COVERAGE=0 -DVM_SC=0 -DVM_TRACE=0 -DVM_TRACE_FST=0 -DVM_TRACE_VCD=0 -faligned-new -fcf-protection=none -Wno-bool-operation -Wno-overloaded-virtual -Wno-shadow -Wno-sign-compare -Wno-uninitialized -Wno-unused-but-set-parameter -Wno-unused-but-set-variable -Wno-unused-parameter -Wno-unused-variable     -DVL_TIME_CONTEXT   -fcoroutines -c -o verilated.o /tmp/puri-sign-tools/verilator/usr/share/verilator/include/verilated.cpp
g++ -Os  -I.  -MMD -I/tmp/puri-sign-tools/verilator/usr/share/verilator/include -I/tmp/puri-sign-tools/verilator/usr/share/verilator/include/vltstd -DVM_COVERAGE=0 -DVM_SC=0 -DVM_TRACE=0 -DVM_TRACE_FST=0 -DVM_TRACE_VCD=0 -faligned-new -fcf-protection=none -Wno-bool-operation -Wno-overloaded-virtual -Wno-shadow -Wno-sign-compare -Wno-uninitialized -Wno-unused-but-set-parameter -Wno-unused-but-set-variable -Wno-unused-parameter -Wno-unused-variable     -DVL_TIME_CONTEXT   -fcoroutines -c -o verilated_timing.o /tmp/puri-sign-tools/verilator/usr/share/verilator/include/verilated_timing.cpp
g++ -Os  -I.  -MMD -I/tmp/puri-sign-tools/verilator/usr/share/verilator/include -I/tmp/puri-sign-tools/verilator/usr/share/verilator/include/vltstd -DVM_COVERAGE=0 -DVM_SC=0 -DVM_TRACE=0 -DVM_TRACE_FST=0 -DVM_TRACE_VCD=0 -faligned-new -fcf-protection=none -Wno-bool-operation -Wno-overloaded-virtual -Wno-shadow -Wno-sign-compare -Wno-uninitialized -Wno-unused-but-set-parameter -Wno-unused-but-set-variable -Wno-unused-parameter -Wno-unused-variable     -DVL_TIME_CONTEXT   -fcoroutines -c -o verilated_threads.o /tmp/puri-sign-tools/verilator/usr/share/verilator/include/verilated_threads.cpp
g++ -Os  -I.  -MMD -I/tmp/puri-sign-tools/verilator/usr/share/verilator/include -I/tmp/puri-sign-tools/verilator/usr/share/verilator/include/vltstd -DVM_COVERAGE=0 -DVM_SC=0 -DVM_TRACE=0 -DVM_TRACE_FST=0 -DVM_TRACE_VCD=0 -faligned-new -fcf-protection=none -Wno-bool-operation -Wno-overloaded-virtual -Wno-shadow -Wno-sign-compare -Wno-uninitialized -Wno-unused-but-set-parameter -Wno-unused-but-set-variable -Wno-unused-parameter -Wno-unused-variable     -DVL_TIME_CONTEXT   -fcoroutines -x c++-header Vtb_baseline_cycles__pch.h -o Vtb_baseline_cycles__pch.h.fast.gch
g++   -I.  -MMD -I/tmp/puri-sign-tools/verilator/usr/share/verilator/include -I/tmp/puri-sign-tools/verilator/usr/share/verilator/include/vltstd -DVM_COVERAGE=0 -DVM_SC=0 -DVM_TRACE=0 -DVM_TRACE_FST=0 -DVM_TRACE_VCD=0 -faligned-new -fcf-protection=none -Wno-bool-operation -Wno-overloaded-virtual -Wno-shadow -Wno-sign-compare -Wno-uninitialized -Wno-unused-but-set-parameter -Wno-unused-but-set-variable -Wno-unused-parameter -Wno-unused-variable     -DVL_TIME_CONTEXT   -fcoroutines -x c++-header Vtb_baseline_cycles__pch.h -o Vtb_baseline_cycles__pch.h.slow.gch
echo "" > Vtb_baseline_cycles__ALL.verilator_deplist.tmp
g++ -Os  -I.  -MMD -I/tmp/puri-sign-tools/verilator/usr/share/verilator/include -I/tmp/puri-sign-tools/verilator/usr/share/verilator/include/vltstd -DVM_COVERAGE=0 -DVM_SC=0 -DVM_TRACE=0 -DVM_TRACE_FST=0 -DVM_TRACE_VCD=0 -faligned-new -fcf-protection=none -Wno-bool-operation -Wno-overloaded-virtual -Wno-shadow -Wno-sign-compare -Wno-uninitialized -Wno-unused-but-set-parameter -Wno-unused-but-set-variable -Wno-unused-parameter -Wno-unused-variable     -DVL_TIME_CONTEXT   -fcoroutines -include Vtb_baseline_cycles__pch.h.fast -c -o Vtb_baseline_cycles.o Vtb_baseline_cycles.cpp
g++ -Os  -I.  -MMD -I/tmp/puri-sign-tools/verilator/usr/share/verilator/include -I/tmp/puri-sign-tools/verilator/usr/share/verilator/include/vltstd -DVM_COVERAGE=0 -DVM_SC=0 -DVM_TRACE=0 -DVM_TRACE_FST=0 -DVM_TRACE_VCD=0 -faligned-new -fcf-protection=none -Wno-bool-operation -Wno-overloaded-virtual -Wno-shadow -Wno-sign-compare -Wno-uninitialized -Wno-unused-but-set-parameter -Wno-unused-but-set-variable -Wno-unused-parameter -Wno-unused-variable     -DVL_TIME_CONTEXT   -fcoroutines -include Vtb_baseline_cycles__pch.h.fast -c -o Vtb_baseline_cycles___024root__DepSet_hae1a2a47__0.o Vtb_baseline_cycles___024root__DepSet_hae1a2a47__0.cpp
g++ -Os  -I.  -MMD -I/tmp/puri-sign-tools/verilator/usr/share/verilator/include -I/tmp/puri-sign-tools/verilator/usr/share/verilator/include/vltstd -DVM_COVERAGE=0 -DVM_SC=0 -DVM_TRACE=0 -DVM_TRACE_FST=0 -DVM_TRACE_VCD=0 -faligned-new -fcf-protection=none -Wno-bool-operation -Wno-overloaded-virtual -Wno-shadow -Wno-sign-compare -Wno-uninitialized -Wno-unused-but-set-parameter -Wno-unused-but-set-variable -Wno-unused-parameter -Wno-unused-variable     -DVL_TIME_CONTEXT   -fcoroutines -include Vtb_baseline_cycles__pch.h.fast -c -o Vtb_baseline_cycles___024root__DepSet_he0017235__0.o Vtb_baseline_cycles___024root__DepSet_he0017235__0.cpp
g++ -Os  -I.  -MMD -I/tmp/puri-sign-tools/verilator/usr/share/verilator/include -I/tmp/puri-sign-tools/verilator/usr/share/verilator/include/vltstd -DVM_COVERAGE=0 -DVM_SC=0 -DVM_TRACE=0 -DVM_TRACE_FST=0 -DVM_TRACE_VCD=0 -faligned-new -fcf-protection=none -Wno-bool-operation -Wno-overloaded-virtual -Wno-shadow -Wno-sign-compare -Wno-uninitialized -Wno-unused-but-set-parameter -Wno-unused-but-set-variable -Wno-unused-parameter -Wno-unused-variable     -DVL_TIME_CONTEXT   -fcoroutines -include Vtb_baseline_cycles__pch.h.fast -c -o Vtb_baseline_cycles___024root__DepSet_he0017235__1.o Vtb_baseline_cycles___024root__DepSet_he0017235__1.cpp
g++ -Os  -I.  -MMD -I/tmp/puri-sign-tools/verilator/usr/share/verilator/include -I/tmp/puri-sign-tools/verilator/usr/share/verilator/include/vltstd -DVM_COVERAGE=0 -DVM_SC=0 -DVM_TRACE=0 -DVM_TRACE_FST=0 -DVM_TRACE_VCD=0 -faligned-new -fcf-protection=none -Wno-bool-operation -Wno-overloaded-virtual -Wno-shadow -Wno-sign-compare -Wno-uninitialized -Wno-unused-but-set-parameter -Wno-unused-but-set-variable -Wno-unused-parameter -Wno-unused-variable     -DVL_TIME_CONTEXT   -fcoroutines -include Vtb_baseline_cycles__pch.h.fast -c -o Vtb_baseline_cycles___024root__DepSet_he0017235__2.o Vtb_baseline_cycles___024root__DepSet_he0017235__2.cpp
g++ -Os  -I.  -MMD -I/tmp/puri-sign-tools/verilator/usr/share/verilator/include -I/tmp/puri-sign-tools/verilator/usr/share/verilator/include/vltstd -DVM_COVERAGE=0 -DVM_SC=0 -DVM_TRACE=0 -DVM_TRACE_FST=0 -DVM_TRACE_VCD=0 -faligned-new -fcf-protection=none -Wno-bool-operation -Wno-overloaded-virtual -Wno-shadow -Wno-sign-compare -Wno-uninitialized -Wno-unused-but-set-parameter -Wno-unused-but-set-variable -Wno-unused-parameter -Wno-unused-variable     -DVL_TIME_CONTEXT   -fcoroutines -include Vtb_baseline_cycles__pch.h.fast -c -o Vtb_baseline_cycles__main.o Vtb_baseline_cycles__main.cpp
g++   -I.  -MMD -I/tmp/puri-sign-tools/verilator/usr/share/verilator/include -I/tmp/puri-sign-tools/verilator/usr/share/verilator/include/vltstd -DVM_COVERAGE=0 -DVM_SC=0 -DVM_TRACE=0 -DVM_TRACE_FST=0 -DVM_TRACE_VCD=0 -faligned-new -fcf-protection=none -Wno-bool-operation -Wno-overloaded-virtual -Wno-shadow -Wno-sign-compare -Wno-uninitialized -Wno-unused-but-set-parameter -Wno-unused-but-set-variable -Wno-unused-parameter -Wno-unused-variable     -DVL_TIME_CONTEXT   -fcoroutines -include Vtb_baseline_cycles__pch.h.slow -c -o Vtb_baseline_cycles__ConstPool_0.o Vtb_baseline_cycles__ConstPool_0.cpp
g++   -I.  -MMD -I/tmp/puri-sign-tools/verilator/usr/share/verilator/include -I/tmp/puri-sign-tools/verilator/usr/share/verilator/include/vltstd -DVM_COVERAGE=0 -DVM_SC=0 -DVM_TRACE=0 -DVM_TRACE_FST=0 -DVM_TRACE_VCD=0 -faligned-new -fcf-protection=none -Wno-bool-operation -Wno-overloaded-virtual -Wno-shadow -Wno-sign-compare -Wno-uninitialized -Wno-unused-but-set-parameter -Wno-unused-but-set-variable -Wno-unused-parameter -Wno-unused-variable     -DVL_TIME_CONTEXT   -fcoroutines -include Vtb_baseline_cycles__pch.h.slow -c -o Vtb_baseline_cycles___024root__Slow.o Vtb_baseline_cycles___024root__Slow.cpp
g++   -I.  -MMD -I/tmp/puri-sign-tools/verilator/usr/share/verilator/include -I/tmp/puri-sign-tools/verilator/usr/share/verilator/include/vltstd -DVM_COVERAGE=0 -DVM_SC=0 -DVM_TRACE=0 -DVM_TRACE_FST=0 -DVM_TRACE_VCD=0 -faligned-new -fcf-protection=none -Wno-bool-operation -Wno-overloaded-virtual -Wno-shadow -Wno-sign-compare -Wno-uninitialized -Wno-unused-but-set-parameter -Wno-unused-but-set-variable -Wno-unused-parameter -Wno-unused-variable     -DVL_TIME_CONTEXT   -fcoroutines -include Vtb_baseline_cycles__pch.h.slow -c -o Vtb_baseline_cycles___024root__DepSet_hae1a2a47__0__Slow.o Vtb_baseline_cycles___024root__DepSet_hae1a2a47__0__Slow.cpp
g++   -I.  -MMD -I/tmp/puri-sign-tools/verilator/usr/share/verilator/include -I/tmp/puri-sign-tools/verilator/usr/share/verilator/include/vltstd -DVM_COVERAGE=0 -DVM_SC=0 -DVM_TRACE=0 -DVM_TRACE_FST=0 -DVM_TRACE_VCD=0 -faligned-new -fcf-protection=none -Wno-bool-operation -Wno-overloaded-virtual -Wno-shadow -Wno-sign-compare -Wno-uninitialized -Wno-unused-but-set-parameter -Wno-unused-but-set-variable -Wno-unused-parameter -Wno-unused-variable     -DVL_TIME_CONTEXT   -fcoroutines -include Vtb_baseline_cycles__pch.h.slow -c -o Vtb_baseline_cycles___024root__DepSet_he0017235__0__Slow.o Vtb_baseline_cycles___024root__DepSet_he0017235__0__Slow.cpp
g++   -I.  -MMD -I/tmp/puri-sign-tools/verilator/usr/share/verilator/include -I/tmp/puri-sign-tools/verilator/usr/share/verilator/include/vltstd -DVM_COVERAGE=0 -DVM_SC=0 -DVM_TRACE=0 -DVM_TRACE_FST=0 -DVM_TRACE_VCD=0 -faligned-new -fcf-protection=none -Wno-bool-operation -Wno-overloaded-virtual -Wno-shadow -Wno-sign-compare -Wno-uninitialized -Wno-unused-but-set-parameter -Wno-unused-but-set-variable -Wno-unused-parameter -Wno-unused-variable     -DVL_TIME_CONTEXT   -fcoroutines -include Vtb_baseline_cycles__pch.h.slow -c -o Vtb_baseline_cycles___024root__DepSet_he0017235__1__Slow.o Vtb_baseline_cycles___024root__DepSet_he0017235__1__Slow.cpp
g++   -I.  -MMD -I/tmp/puri-sign-tools/verilator/usr/share/verilator/include -I/tmp/puri-sign-tools/verilator/usr/share/verilator/include/vltstd -DVM_COVERAGE=0 -DVM_SC=0 -DVM_TRACE=0 -DVM_TRACE_FST=0 -DVM_TRACE_VCD=0 -faligned-new -fcf-protection=none -Wno-bool-operation -Wno-overloaded-virtual -Wno-shadow -Wno-sign-compare -Wno-uninitialized -Wno-unused-but-set-parameter -Wno-unused-but-set-variable -Wno-unused-parameter -Wno-unused-variable     -DVL_TIME_CONTEXT   -fcoroutines -include Vtb_baseline_cycles__pch.h.slow -c -o Vtb_baseline_cycles__Syms.o Vtb_baseline_cycles__Syms.cpp
Archive ar -rcs Vtb_baseline_cycles__ALL.a Vtb_baseline_cycles.o Vtb_baseline_cycles___024root__DepSet_hae1a2a47__0.o Vtb_baseline_cycles___024root__DepSet_he0017235__0.o Vtb_baseline_cycles___024root__DepSet_he0017235__1.o Vtb_baseline_cycles___024root__DepSet_he0017235__2.o Vtb_baseline_cycles__main.o Vtb_baseline_cycles__ConstPool_0.o Vtb_baseline_cycles___024root__Slow.o Vtb_baseline_cycles___024root__DepSet_hae1a2a47__0__Slow.o Vtb_baseline_cycles___024root__DepSet_he0017235__0__Slow.o Vtb_baseline_cycles___024root__DepSet_he0017235__1__Slow.o Vtb_baseline_cycles__Syms.o
g++     verilated.o verilated_timing.o verilated_threads.o Vtb_baseline_cycles__ALL.a    -pthread -lpthread -latomic   -o Vtb_baseline_cycles
rm Vtb_baseline_cycles__ALL.verilator_deplist.tmp
make: Leaving directory '/tmp/puri-sign-tools/baseline_cycles'
