Assembler report for TinySign
Thu Oct  8 20:16:24 2026
Quartus Prime Version 20.1.0 Build 711 06/05/2020 SJ Lite Edition


---------------------
; Table of Contents ;
---------------------
  1. Legal Notice
  2. Assembler Summary
  3. Assembler Settings
  4. Assembler Generated Files
  5. Assembler Device Options: TinySign.sof
  6. Assembler Messages



----------------
; Legal Notice ;
----------------
Copyright (C) 2020  Intel Corporation. All rights reserved.
Your use of Intel Corporation's design tools, logic functions 
and other software and tools, and any partner logic 
functions, and any output files from any of the foregoing 
(including device programming or simulation files), and any 
associated documentation or information are expressly subject 
to the terms and conditions of the Intel Program License 
Subscription Agreement, the Intel Quartus Prime License Agreement,
the Intel FPGA IP License Agreement, or other applicable license
agreement, including, without limitation, that your use is for
the sole purpose of programming logic devices manufactured by
Intel and sold by Intel or its authorized distributors.  Please
refer to the applicable agreement for further details, at
https://fpgasoftware.intel.com/eula.



+---------------------------------------------------------------+
; Assembler Summary                                             ;
+-----------------------+---------------------------------------+
; Assembler Status      ; Successful - Thu Oct  8 20:16:24 2026 ;
; Revision Name         ; TinySign                              ;
; Top-level Entity Name ; tinysign_de10nano                     ;
; Family                ; Cyclone V                             ;
; Device                ; 5CSEBA6U23I7                          ;
+-----------------------+---------------------------------------+


+----------------------------------+
; Assembler Settings               ;
+--------+---------+---------------+
; Option ; Setting ; Default Value ;
+--------+---------+---------------+


+--------------------------------------------------------------------------------------------+
; Assembler Generated Files                                                                  ;
+--------------------------------------------------------------------------------------------+
; File Name                                                                                  ;
+--------------------------------------------------------------------------------------------+
; /home/mateus/Documents/Peruri/TinySign_Verilog/quartus/puri_sign/output_files/TinySign.sof ;
+--------------------------------------------------------------------------------------------+


+----------------------------------------+
; Assembler Device Options: TinySign.sof ;
+----------------+-----------------------+
; Option         ; Setting               ;
+----------------+-----------------------+
; JTAG usercode  ; 0x04B47A37            ;
; Checksum       ; 0x04B47A37            ;
+----------------+-----------------------+


+--------------------+
; Assembler Messages ;
+--------------------+
Info: *******************************************************************
Info: Running Quartus Prime Assembler
    Info: Version 20.1.0 Build 711 06/05/2020 SJ Lite Edition
    Info: Processing started: Thu Oct  8 20:16:07 2026
Info: Command: quartus_asm --read_settings_files=off --write_settings_files=off TinySign -c TinySign
Warning (18236): Number of processors has not been specified which may cause overloading on shared machines.  Set the global assignment NUM_PARALLEL_PROCESSORS in your QSF to an appropriate value for best performance.
Info (115030): Assembler is generating device programming files
Info: Quartus Prime Assembler was successful. 0 errors, 1 warning
    Info: Peak virtual memory: 901 megabytes
    Info: Processing ended: Thu Oct  8 20:16:25 2026
    Info: Elapsed time: 00:00:18
    Info: Total CPU time (on all processors): 00:00:18


