------------------------------------------------------------
Timing Analyzer Summary
------------------------------------------------------------

Type  : Slow 1100mV 100C Model Setup 'clk'
Slack : -5.006
TNS   : -10080.117

Type  : Slow 1100mV 100C Model Hold 'clk'
Slack : 0.277
TNS   : 0.000

Type  : Slow 1100mV 100C Model Recovery 'clk'
Slack : 6.720
TNS   : 0.000

Type  : Slow 1100mV 100C Model Removal 'clk'
Slack : 7.086
TNS   : 0.000

Type  : Slow 1100mV 100C Model Minimum Pulse Width 'clk'
Slack : 9.278
TNS   : 0.000

Type  : Slow 1100mV -40C Model Setup 'clk'
Slack : -3.693
TNS   : -6234.867

Type  : Slow 1100mV -40C Model Hold 'clk'
Slack : 0.203
TNS   : 0.000

Type  : Slow 1100mV -40C Model Recovery 'clk'
Slack : 7.048
TNS   : 0.000

Type  : Slow 1100mV -40C Model Removal 'clk'
Slack : 6.916
TNS   : 0.000

Type  : Slow 1100mV -40C Model Minimum Pulse Width 'clk'
Slack : 9.142
TNS   : 0.000

Type  : Fast 1100mV 100C Model Setup 'clk'
Slack : 7.180
TNS   : 0.000

Type  : Fast 1100mV 100C Model Hold 'clk'
Slack : 0.149
TNS   : 0.000

Type  : Fast 1100mV 100C Model Recovery 'clk'
Slack : 12.474
TNS   : 0.000

Type  : Fast 1100mV 100C Model Removal 'clk'
Slack : 3.928
TNS   : 0.000

Type  : Fast 1100mV 100C Model Minimum Pulse Width 'clk'
Slack : 9.413
TNS   : 0.000

Type  : Fast 1100mV -40C Model Setup 'clk'
Slack : 9.035
TNS   : 0.000

Type  : Fast 1100mV -40C Model Hold 'clk'
Slack : 0.113
TNS   : 0.000

Type  : Fast 1100mV -40C Model Recovery 'clk'
Slack : 13.503
TNS   : 0.000

Type  : Fast 1100mV -40C Model Removal 'clk'
Slack : 3.420
TNS   : 0.000

Type  : Fast 1100mV -40C Model Minimum Pulse Width 'clk'
Slack : 9.415
TNS   : 0.000

------------------------------------------------------------
